Error: invalid format of the input Turing machine.
